// Jest Snapshot v1, https://goo.gl/fbAQLP

exports[`Users List Component should render Users Component 1`] = `ShallowWrapper {}`;
